15:14:45 **** Incremental Build of configuration Debug for project uart123 ****
make -j8 all 
arm-none-eabi-gcc "../Core/Src/main.c" -mcpu=cortex-m4 -std=gnu11 -g3 -DDEBUG -DUSE_HAL_DRIVER -DSTM32F407xx -c -I../Core/Inc -I../Drivers/STM32F4xx_HAL_Driver/Inc -I../Drivers/STM32F4xx_HAL_Driver/Inc/Legacy -I../Drivers/CMSIS/Device/ST/STM32F4xx/Include -I../Drivers/CMSIS/Include -I../Middlewares/Third_Party/FreeRTOS/Source/include -I../Middlewares/Third_Party/FreeRTOS/Source/CMSIS_RTOS -I../Middlewares/Third_Party/FreeRTOS/Source/portable/GCC/ARM_CM4F -O0 -ffunction-sections -fdata-sections -Wall -fstack-usage -fcyclomatic-complexity -MMD -MP -MF"Core/Src/main.d" -MT"Core/Src/main.o" --specs=nano.specs -mfpu=fpv4-sp-d16 -mfloat-abi=hard -mthumb -o "Core/Src/main.o"
arm-none-eabi-gcc -o "uart123.elf" @"objects.list"   -mcpu=cortex-m4 -T"D:\STM32\Stm32-HAL\UART1\UARt1\STM32F407VGTX_FLASH.ld" --specs=nosys.specs -Wl,-Map="uart123.map" -Wl,--gc-sections -static --specs=nano.specs -mfpu=fpv4-sp-d16 -mfloat-abi=hard -mthumb -Wl,--start-group -lc -lm -Wl,--end-group
Finished building target: uart123.elf
 
arm-none-eabi-size  uart123.elf 
arm-none-eabi-objdump -h -S uart123.elf  > "uart123.list"
   text	   data	    bss	    dec	    hex	filename
  17568	    108	  18428	  36104	   8d08	uart123.elf
Finished building: default.size.stdout
 
Finished building: uart123.list
 
15:14:58 **** Incremental Build of configuration Debug for project uart123 ****
make -j8 all 
arm-none-eabi-size  uart123.elf 
   text	   data	    bss	    dec	    hex	filename
  17568	    108	  18428	  36104	   8d08	uart123.elf
Finished building: default.size.stdout
 
15:22:26 **** Incremental Build of configuration Debug for project uart123 ****
make -j8 all 
arm-none-eabi-gcc "../Core/Src/main.c" -mcpu=cortex-m4 -std=gnu11 -g3 -DDEBUG -DUSE_HAL_DRIVER -DSTM32F407xx -c -I../Core/Inc -I../Drivers/STM32F4xx_HAL_Driver/Inc -I../Drivers/STM32F4xx_HAL_Driver/Inc/Legacy -I../Drivers/CMSIS/Device/ST/STM32F4xx/Include -I../Drivers/CMSIS/Include -I../Middlewares/Third_Party/FreeRTOS/Source/include -I../Middlewares/Third_Party/FreeRTOS/Source/CMSIS_RTOS -I../Middlewares/Third_Party/FreeRTOS/Source/portable/GCC/ARM_CM4F -O0 -ffunction-sections -fdata-sections -Wall -fstack-usage -fcyclomatic-complexity -MMD -MP -MF"Core/Src/main.d" -MT"Core/Src/main.o" --specs=nano.specs -mfpu=fpv4-sp-d16 -mfloat-abi=hard -mthumb -o "Core/Src/main.o"
arm-none-eabi-gcc -o "uart123.elf" @"objects.list"   -mcpu=cortex-m4 -T"D:\STM32\Stm32-HAL\UART1\UARt1\STM32F407VGTX_FLASH.ld" --specs=nosys.specs -Wl,-Map="uart123.map" -Wl,--gc-sections -static --specs=nano.specs -mfpu=fpv4-sp-d16 -mfloat-abi=hard -mthumb -Wl,--start-group -lc -lm -Wl,--end-group
Finished building target: uart123.elf
 
arm-none-eabi-size  uart123.elf 
arm-none-eabi-objdump -h -S uart123.elf  > "uart123.list"
   text	   data	    bss	    dec	    hex	filename
  19124	    108	  18428	  37660	   931c	uart123.elf
Finished building: default.size.stdout
 
Finished building: uart123.list
 
15:24:28 **** Incremental Build of configuration Debug for project uart123 ****
make -j8 all 
arm-none-eabi-gcc "../Core/Src/main.c" -mcpu=cortex-m4 -std=gnu11 -g3 -DDEBUG -DUSE_HAL_DRIVER -DSTM32F407xx -c -I../Core/Inc -I../Drivers/STM32F4xx_HAL_Driver/Inc -I../Drivers/STM32F4xx_HAL_Driver/Inc/Legacy -I../Drivers/CMSIS/Device/ST/STM32F4xx/Include -I../Drivers/CMSIS/Include -I../Middlewares/Third_Party/FreeRTOS/Source/include -I../Middlewares/Third_Party/FreeRTOS/Source/CMSIS_RTOS -I../Middlewares/Third_Party/FreeRTOS/Source/portable/GCC/ARM_CM4F -O0 -ffunction-sections -fdata-sections -Wall -fstack-usage -fcyclomatic-complexity -MMD -MP -MF"Core/Src/main.d" -MT"Core/Src/main.o" --specs=nano.specs -mfpu=fpv4-sp-d16 -mfloat-abi=hard -mthumb -o "Core/Src/main.o"
arm-none-eabi-gcc -o "uart123.elf" @"objects.list"   -mcpu=cortex-m4 -T"D:\STM32\Stm32-HAL\UART1\UARt1\STM32F407VGTX_FLASH.ld" --specs=nosys.specs -Wl,-Map="uart123.map" -Wl,--gc-sections -static --specs=nano.specs -mfpu=fpv4-sp-d16 -mfloat-abi=hard -mthumb -Wl,--start-group -lc -lm -Wl,--end-group
Finished building target: uart123.elf
 
arm-none-eabi-size  uart123.elf 
arm-none-eabi-objdump -h -S uart123.elf  > "uart123.list"
   text	   data	    bss	    dec	    hex	filename
  19124	    108	  18428	  37660	   931c	uart123.elf
Finished building: default.size.stdout
 
Finished building: uart123.list
 
15:29:39 **** Incremental Build of configuration Debug for project uart123 ****
make -j8 all 
arm-none-eabi-gcc "../Core/Src/main.c" -mcpu=cortex-m4 -std=gnu11 -g3 -DDEBUG -DUSE_HAL_DRIVER -DSTM32F407xx -c -I../Core/Inc -I../Drivers/STM32F4xx_HAL_Driver/Inc -I../Drivers/STM32F4xx_HAL_Driver/Inc/Legacy -I../Drivers/CMSIS/Device/ST/STM32F4xx/Include -I../Drivers/CMSIS/Include -I../Middlewares/Third_Party/FreeRTOS/Source/include -I../Middlewares/Third_Party/FreeRTOS/Source/CMSIS_RTOS -I../Middlewares/Third_Party/FreeRTOS/Source/portable/GCC/ARM_CM4F -O0 -ffunction-sections -fdata-sections -Wall -fstack-usage -fcyclomatic-complexity -MMD -MP -MF"Core/Src/main.d" -MT"Core/Src/main.o" --specs=nano.specs -mfpu=fpv4-sp-d16 -mfloat-abi=hard -mthumb -o "Core/Src/main.o"
arm-none-eabi-gcc -o "uart123.elf" @"objects.list"   -mcpu=cortex-m4 -T"D:\STM32\Stm32-HAL\UART1\UARt1\STM32F407VGTX_FLASH.ld" --specs=nosys.specs -Wl,-Map="uart123.map" -Wl,--gc-sections -static --specs=nano.specs -mfpu=fpv4-sp-d16 -mfloat-abi=hard -mthumb -Wl,--start-group -lc -lm -Wl,--end-group
Finished building target: uart123.elf
 
arm-none-eabi-size  uart123.elf 
arm-none-eabi-objdump -h -S uart123.elf  > "uart123.list"
   text	   data	    bss	    dec	    hex	filename
  19124	    108	  18428	  37660	   931c	uart123.elf
Finished building: default.size.stdout
 
Finished building: uart123.list
 
15:33:14 **** Incremental Build of configuration Debug for project uart123 ****
make -j8 all 
arm-none-eabi-gcc "../Core/Src/main.c" -mcpu=cortex-m4 -std=gnu11 -g3 -DDEBUG -DUSE_HAL_DRIVER -DSTM32F407xx -c -I../Core/Inc -I../Drivers/STM32F4xx_HAL_Driver/Inc -I../Drivers/STM32F4xx_HAL_Driver/Inc/Legacy -I../Drivers/CMSIS/Device/ST/STM32F4xx/Include -I../Drivers/CMSIS/Include -I../Middlewares/Third_Party/FreeRTOS/Source/include -I../Middlewares/Third_Party/FreeRTOS/Source/CMSIS_RTOS -I../Middlewares/Third_Party/FreeRTOS/Source/portable/GCC/ARM_CM4F -O0 -ffunction-sections -fdata-sections -Wall -fstack-usage -fcyclomatic-complexity -MMD -MP -MF"Core/Src/main.d" -MT"Core/Src/main.o" --specs=nano.specs -mfpu=fpv4-sp-d16 -mfloat-abi=hard -mthumb -o "Core/Src/main.o"
arm-none-eabi-gcc -o "uart123.elf" @"objects.list"   -mcpu=cortex-m4 -T"D:\STM32\Stm32-HAL\UART1\UARt1\STM32F407VGTX_FLASH.ld" --specs=nosys.specs -Wl,-Map="uart123.map" -Wl,--gc-sections -static --specs=nano.specs -mfpu=fpv4-sp-d16 -mfloat-abi=hard -mthumb -Wl,--start-group -lc -lm -Wl,--end-group
Finished building target: uart123.elf
 
arm-none-eabi-size  uart123.elf 
arm-none-eabi-objdump -h -S uart123.elf  > "uart123.list"
   text	   data	    bss	    dec	    hex	filename
  19124	    108	  18428	  37660	   931c	uart123.elf
Finished building: default.size.stdout
 
Finished building: uart123.list
 
